src/components/layout/Footer.tsx(2,30): error TS6133: 'Twitter' is declared but its value is never read.
src/components/ui/calendar.tsx(45,9): error TS2353: Object literal may only specify known properties, and 'IconLeft' does not exist in type 'Partial<CustomComponents>'.
src/components/ui/calendar.tsx(45,20): error TS6133: '_props' is declared but its value is never read.
src/components/ui/calendar.tsx(46,21): error TS6133: '_props' is declared but its value is never read.
src/components/ui/chart.tsx(106,7): error TS2339: Property 'payload' does not exist on type 'Omit<Omit<Props<ValueType, NameType>, PropertiesReadFromContext> & { active?: boolean | undefined; allowEscapeViewBox?: AllowInDimension | undefined; ... 17 more ...; wrapperStyle?: CSSProperties | undefined; } & ClassAttributes<...> & HTMLAttributes<...> & { ...; }, "ref">'.
src/components/ui/chart.tsx(111,7): error TS2339: Property 'label' does not exist on type 'Omit<Omit<Props<ValueType, NameType>, PropertiesReadFromContext> & { active?: boolean | undefined; allowEscapeViewBox?: AllowInDimension | undefined; ... 17 more ...; wrapperStyle?: CSSProperties | undefined; } & ClassAttributes<...> & HTMLAttributes<...> & { ...; }, "ref">'.
src/components/ui/chart.tsx(163,25): error TS7006: Parameter 'item' implicitly has an 'any' type.
src/components/ui/chart.tsx(163,31): error TS7006: Parameter 'index' implicitly has an 'any' type.
src/components/ui/chart.tsx(233,41): error TS2344: Type '"payload" | "verticalAlign"' does not satisfy the constraint '"string" | "filter" | "fill" | "values" | "style" | "clipPath" | "mask" | "path" | "key" | "type" | "suppressHydrationWarning" | "className" | "id" | "lang" | "tabIndex" | "role" | ... 430 more ... | "onBBoxUpdate"'.
  Type '"payload"' is not assignable to type '"string" | "filter" | "fill" | "values" | "style" | "clipPath" | "mask" | "path" | "key" | "type" | "suppressHydrationWarning" | "className" | "id" | "lang" | "tabIndex" | "role" | ... 430 more ... | "onBBoxUpdate"'.
src/components/ui/chart.tsx(240,17): error TS2339: Property 'length' does not exist on type '{}'.
src/components/ui/chart.tsx(249,16): error TS2339: Property 'map' does not exist on type '{}'.
src/components/ui/chart.tsx(249,21): error TS7006: Parameter 'item' implicitly has an 'any' type.
src/components/ui/resizable.tsx(6,102): error TS2339: Property 'PanelGroup' does not exist on type 'typeof import("F:/Mentisera/Projects/quizzera/client/node_modules/react-resizable-panels/dist/react-resizable-panels")'.
src/components/ui/resizable.tsx(7,23): error TS2339: Property 'PanelGroup' does not exist on type 'typeof import("F:/Mentisera/Projects/quizzera/client/node_modules/react-resizable-panels/dist/react-resizable-panels")'.
src/components/ui/resizable.tsx(19,51): error TS2339: Property 'PanelResizeHandle' does not exist on type 'typeof import("F:/Mentisera/Projects/quizzera/client/node_modules/react-resizable-panels/dist/react-resizable-panels")'.
src/components/ui/resizable.tsx(22,23): error TS2339: Property 'PanelResizeHandle' does not exist on type 'typeof import("F:/Mentisera/Projects/quizzera/client/node_modules/react-resizable-panels/dist/react-resizable-panels")'.
src/components/ui/resizable.tsx(34,24): error TS2339: Property 'PanelResizeHandle' does not exist on type 'typeof import("F:/Mentisera/Projects/quizzera/client/node_modules/react-resizable-panels/dist/react-resizable-panels")'.
src/hooks/useQuiz.ts(32,24): error TS2551: Property 'getQuizQuestions' does not exist on type '{ login(email: string, password: string): Promise<AuthResponse>; loginWithGoogle(token: string): Promise<AuthResponse>; ... 83 more ...; deleteUser(id: string): Promise<...>; }'. Did you mean 'getQuestions'?
src/pages/admin/AdminCategories.tsx(76,32): error TS2345: Argument of type '{ name: string; description: string; }' is not assignable to parameter of type 'Category'.
  Type '{ name: string; description: string; }' is missing the following properties from type 'Category': _id, slug, isActive, order, and 2 more.
src/pages/admin/AdminQuizEditor.tsx(436,123): error TS2322: Type 'string' is not assignable to type '"single" | "multiple" | "true_false" | "fill_blank"'.
src/pages/admin/AdminQuizzes.tsx(85,48): error TS2345: Argument of type '{ title: string; description: string; category: string; difficulty: string; duration: number; passingScore: number; }' is not assignable to parameter of type 'Quiz'.
  Type '{ title: string; description: string; category: string; difficulty: string; duration: number; passingScore: number; }' is missing the following properties from type 'Quiz': _id, slug, totalQuestions, status, and 7 more.
src/pages/BlogDetail.tsx(38,31): error TS2339: Property 'isLiked' does not exist on type 'Blog'.
src/pages/dashboard/DashboardMentors.tsx(9,37): error TS6133: 'User' is declared but its value is never read.
src/pages/dashboard/MyExams.tsx(11,3): error TS6133: 'RefreshCw' is declared but its value is never read.
src/pages/dashboard/MyExams.tsx(76,9): error TS6133: 'formatTime' is declared but its value is never read.
src/pages/dashboard/MyExams.tsx(141,24): error TS6133: 'exam' is declared but its value is never read.
src/pages/dashboard/MyExams.tsx(144,24): error TS6133: 'totalQuestions' is declared but its value is never read.
src/pages/dashboard/MyQuizzes.tsx(31,15): error TS6133: 'QuizAttempt' is declared but its value is never read.
src/pages/dashboard/MyQuizzes.tsx(31,28): error TS6133: 'Exam' is declared but its value is never read.
src/pages/Exams.tsx(202,42): error TS6133: 'index' is declared but its value is never read.
src/pages/Quiz.tsx(4,1): error TS6133: 'Badge' is declared but its value is never read.
src/pages/Quiz.tsx(6,1): error TS6133: 'Progress' is declared but its value is never read.
